loaded in 5.3s

=== dad / kingsfield / Ogre 0 / bot=kite: DIED at wave 20, 21:33, level 51, 7455 kills (47s wall)
    weapons: sword★ holyAura★ wardShields★ stormCall★ emberTrail★  relics: phoenix wolfsbane berserker
    damage taken by: dragonOgre 1047, boulder 909, archer arrow 639, boss 247, elite ogre 64, rat 46, wolf 10, goblin 5, bomb goblin 1
    omens: famine giants arrowstorm
    boss fights: w6 1200hp in 83.6s (14 dps) | w11 7900hp in 105.9s (75 dps) | w16 13454hp in 65.6s (205 dps)
    actives: 85 used, 42839 damage
    time   wave  hp        lvl  kills  enemies   at
     0:01     1  115/115     1      0       1   -6,0
     1:02     2  115/115     2     25      12   24,-31
     2:02     4  115/115     6     96      27   -15,0
     3:03     5  115/115     8    167      44   -23,-21
     4:04     7  112/115    14    303      53   -45,44
     5:04     8  108/115    18    509      39   -76,19
     6:05     9  107/115    20    733      37   -78,31
     7:05    10  115/115    22    920      22   -78,23
     8:06    11  57/115     24   1149      22   -52,47
     9:06    12  115/115    26   1444      90   -39,73
    10:07    13  130/130    29   1843      67   7,53
    11:07    14  130/130    31   2271     100   -1,56
    12:07    15  130/130    33   2732      49   4,64
    13:08    16  145/145    35   3249     156   29,70
    14:08    17  145/145    37   3817     159   11,38
    15:09    18  169/169    40   4393     161   57,65
    16:09    19  193/193    41   4794     159   43,65
    17:10    20  193/193    44   5421      63   59,75
    18:10    20  193/193    46   5860      69   40,74
    19:10    20  163/193    47   6308      59   54,73
    20:11    20  106/193    49   6804      55   61,61
    21:11    20  99/193     50   7289      56   36,52
    snagged 6% of 10s intervals
    died at 63,22; last 90s: 1199s:70,76 1209s:75,63 1220s:53,76 1231s:74,74 1242s:79,68 1252s:62,46 1263s:63,48 1274s:52,34 1285s:53,34

=== brennan / kingsfield / Ogre 0 / bot=kite: DIED at wave 6, 3:38, level 14, 289 kills (11s wall)
    weapons: spear L3 orbitalBomb L3  relics: berserker
    damage taken by: archer arrow 139, rat 59, goblin 36, wolf 24, ogre 22
    omens: horde
    actives: 16 used, 563 damage
    time   wave  hp        lvl  kills  enemies   at
     0:01     1  110/110     1      0       1   -4,4
     1:02     2  110/110     3     34      11   -41,40
     2:03     4  110/110     9    115      39   -12,29
     3:04     5  65/125     13    220      33   -19,18
    snagged 0% of 10s intervals
    died at -39,40; last 90s: 128s:-33,28 138s:-33,65 148s:0,20 159s:-47,33 169s:-37,48 179s:-20,31 189s:-32,-11 199s:-43,-22 210s:-45,22

=== parker / kingsfield / Ogre 0 / bot=kite: VICTORY at wave 20, 16:48, level 47, 6342 kills (32s wall)
    weapons: staff★ dagger★ holyAura L1 arrowVolley★ wardShields★  relics: wolfsbane windwalker berserker runes
    damage taken by: archer arrow 671, dragonOgre 415, boss 95, boulder 29, wolf 17, rat 6
    omens: arrowstorm bloodmoon giants
    boss fights: w5 1200hp in 16s (75 dps) | w10 7900hp in 47.4s (167 dps) | w15 13454hp in 36.2s (372 dps) | w20 KING 110000hp in 33.8s (3254 dps)
    actives: 71 used, 24801 damage
    time   wave  hp        lvl  kills  enemies   at
     0:01     1  85/85       1      0       1   6,0
     1:02     2  79/85       4     43       6   6,-17
     2:03     4  81/85      10    128      11   4,-6
     3:03     5  80/85      13    219      15   -10,36
     4:04     7  85/85      16    374      31   -20,14
     5:05     8  85/85      19    585      29   33,-1
     6:05     9  85/85      22    825      23   41,-45
     7:06    10  68/85      24   1038      27   28,-5
     8:06    11  90/100     26   1297      41   11,38
     9:06    12  100/100    28   1701      70   12,64
    10:07    13  131/153    30   2040      69   -7,39
    11:08    14  140/153    32   2457      67   -28,7
    12:08    15  153/153    34   2988     108   -36,8
    13:09    16  177/177    38   3623      84   -33,-17
    14:10    17  213/213    40   4313      57   2,9
    15:10    18  228/228    43   5022     115   75,-1
    16:11    19  228/228    46   5933     104   76,22
    snagged 2% of 10s intervals
    died at 40,-2; last 90s: 916s:65,-2 926s:62,-12 937s:76,19 947s:51,-7 958s:60,-6 969s:69,11 980s:38,6 990s:30,-5 1001s:37,-10

=== dad / darkwood / Ogre 0 / bot=kite: VICTORY at wave 20, 18:07, level 51, 6770 kills (36s wall)
    weapons: sword★ holyAura★ orbitalBomb★ stormCall★  relics: phoenix greed hunter
    damage taken by: archer arrow 1413, dragonOgre 829, boss 275, boulder 86, rat 46, goblin 40, boss slam 31, ogre 31, wolf 10, bomb goblin 4
    omens: arrowstorm quickening longnight
    boss fights: w6 1200hp in 83.5s (14 dps) | w11 7900hp in 75.2s (105 dps) | w16 13454hp in 73.5s (183 dps) | w20 KING 110000hp in 92.6s (1188 dps)
    actives: 75 used, 29026 damage
    time   wave  hp        lvl  kills  enemies   at
     0:01     1  115/115     1      0       1   4,4
     1:01     2  115/115     3     32       5   9,-4
     2:01     4  105/115     8    116      13   17,11
     3:01     5  115/115    12    224      13   -6,25
     4:02     7  104/115    16    396      24   -39,13
     5:02     8  113/115    19    610      36   3,-4
     6:03     9  104/115    21    823      45   -41,-26
     7:04    10  115/115    23    998      29   -56,-26
     8:04    11  115/115    25   1223      39   -53,-51
     9:04    12  130/130    27   1586      56   -32,-48
    10:05    13  145/145    31   2005      61   8,-44
    11:05    14  145/145    33   2468      45   -6,-86
    12:06    15  105/145    35   2936      31   -32,-23
    13:06    16  169/169    37   3367      71   -22,-25
    14:06    17  168/169    40   4039      91   -4,61
    15:07    18  184/184    43   4720     101   59,12
    16:07    19  172/184    46   5516      79   34,74
    17:08    20  159/184    49   6241      42   24,76
    snagged 0% of 10s intervals
    died at 30,48; last 90s: 994s:28,77 1005s:11,69 1015s:27,73 1026s:22,83 1036s:12,69 1047s:31,62 1058s:31,55 1069s:19,59 1080s:25,35

=== brennan / darkwood / Ogre 0 / bot=kite: VICTORY at wave 20, 18:34, level 48, 6868 kills (37s wall)
    weapons: spear L5 holyAura★ arrowVolley★ wardShields★  relics: runes hooves berserker windwalker
    damage taken by: dragonOgre 806, archer arrow 737, boss 276, boss charge 195, bomb goblin 82, boulder 75, wolf 51, rat 26, ogre 20, goblin 6
    omens: bloodmoon quickening famine
    boss fights: w6 1200hp in 53.3s (23 dps) | w11 7900hp in 97.1s (81 dps) | w16 13454hp in 105.9s (127 dps) | w20 KING 110000hp in 139.4s (789 dps)
    actives: 74 used, 40145 damage
    time   wave  hp        lvl  kills  enemies   at
     0:01     1  110/110     1      0       1   -5,3
     1:02     2  146/146     4     46      11   22,-29
     2:02     4  139/146     9    136      18   27,-72
     3:03     5  146/146    12    223       6   29,-61
     4:03     7  146/146    14    313      58   10,-45
     5:03     8  146/146    17    506      96   35,-34
     6:04     9  140/146    20    774      64   52,-44
     7:04    10  131/146    22    993      30   61,-68
     8:04    11  107/146    24   1204      26   27,-72
     9:05    12  146/146    27   1559      39   20,-25
    10:06    13  141/146    29   1912      61   -6,15
    11:06    14  143/146    31   2342      79   -74,28
    12:07    15  82/146     33   2761      37   -67,33
    13:08    16  93/146     35   3197      40   -56,-29
    14:08    17  146/146    38   3889      66   -32,-51
    15:09    18  161/161    41   4753      58   -34,-24
    16:09    19  176/176    44   5586      91   -70,35
    17:09    20  176/176    46   6121      23   -69,15
    18:09    20  46/176     47   6628      41   21,25
    snagged 0% of 10s intervals
    died at -9,17; last 90s: 1019s:-71,10 1029s:-69,15 1040s:-52,17 1051s:-10,4 1062s:-16,10 1072s:-2,11 1083s:22,11 1094s:6,8 1105s:-29,22

=== parker / darkwood / Ogre 0 / bot=kite: VICTORY at wave 20, 19:11, level 66, 9274 kills (44s wall)
    weapons: staff★ arrowVolley★ orbitalBomb★ wardShields★  relics: berserker runes hooves
    damage taken by: archer arrow 386, boulder 287, boss 81, wolf 36, rat 28
    omens: horde longnight famine
    boss fights: w6 1200hp in 63s (19 dps) | w10 7900hp in 23.2s (341 dps) | w15 13454hp in 34.1s (395 dps) | w20 KING 110000hp in 92.1s (1194 dps)
    actives: 70 used, 17309 damage
    time   wave  hp        lvl  kills  enemies   at
     0:01     1  85/85       1      0       1   6,0
     1:02     2  126/138     4     44       5   54,-18
     2:03     4  123/138     9    125      22   -29,15
     3:03     5  153/153    12    215      27   -44,11
     4:04     7  152/153    16    372      22   -74,-28
     5:04     8  153/153    19    574      22   -56,-47
     6:05     9  153/153    21    814      46   -55,-47
     7:05    10  153/153    24   1073      27   -43,-36
     8:05    11  153/153    28   1436      43   -74,-28
     9:06    12  153/153    31   1864      50   -65,-24
    10:06    13  153/153    34   2283      41   -41,-13
    11:07    14  183/183    37   2823      55   -25,-67
    12:07    15  183/183    39   3277      53   1,-56
    13:07    16  207/207    43   4063      70   -73,-60
    14:07    17  207/207    47   4780      69   -10,-50
    15:08    18  207/207    51   5627      87   9,-34
    16:08    18  207/207    55   6567     104   -25,-74
    17:09    19  207/207    59   7694      91   -33,-51
    18:09    20  207/207    63   8621      42   -67,-80
    19:10    20  207/207    66   9274       0   -51,-75
    snagged 3% of 10s intervals
    died at -51,-75; last 90s: 1057s:-68,-52 1068s:-72,-80 1078s:-70,-78 1089s:-67,-80 1100s:-66,-73 1111s:-51,-82 1122s:-53,-83 1132s:-44,-80 1143s:-51,-75

=== dad / mirefen / Ogre 0 / bot=kite: DIED at wave 7, 4:07, level 10, 214 kills (15s wall)
    weapons: sword L4 arrowVolley L2 orbitalBomb L1 wardShields L2
    damage taken by: archer arrow 72, ogre 40, boss 25, elite goblin 14, rat 9, goblin 6
    omens: quickening
    actives: 16 used, 893 damage
    time   wave  hp        lvl  kills  enemies   at
     0:01     1  115/115     1      0       1   -6,6
     1:02     2  115/115     2     16      25   -24,54
     2:03     4  115/115     4     68      55   -16,79
     3:03     5  88/115      7    124      81   13,43
     4:04     7  2/115      10    204     146   79,-72
    snagged 0% of 10s intervals
    died at 59,-60; last 90s: 161s:-10,66 171s:-6,72 181s:7,41 191s:21,53 202s:-3,46 212s:8,-1 222s:53,-29 232s:48,-69 243s:80,-73

=== brennan / mirefen / Ogre 0 / bot=kite: VICTORY at wave 20, 17:10, level 54, 6205 kills (51s wall)
    weapons: spear L5 dagger★ arrowVolley★ orbitalBomb L5 stormCall L5  relics: berserker hunter bloodletter
    damage taken by: dragonOgre 334, archer arrow 233, boss 97, boulder 53, boss charge 44, rat 38, wolf 36, ogre 22, bat 12, goblin 7
    omens: horde giants longnight
    boss fights: w6 1200hp in 84.1s (14 dps) | w10 7900hp in 38.2s (207 dps) | w15 13454hp in 11.5s (1170 dps) | w20 KING 110000hp in 35.7s (3081 dps)
    actives: 31 used, 4128 damage
    time   wave  hp        lvl  kills  enemies   at
     0:01     1  110/110     1      0       1   0,6
     1:02     2  110/110     3     29      12   35,79
     2:02     4  95/110      6     83      33   -15,54
     3:03     5  110/110     9    147      44   -34,41
     4:03     7  55/125     14    287      29   -71,4
     5:04     8  68/140     17    456      70   -66,-5
     6:04     9  138/140    20    744      58   -73,26
     7:05    10  155/155    22    970      34   -75,46
     8:05    11  155/155    26   1319      74   -11,-17
     9:05    12  155/155    30   1797      75   11,-6
    10:06    13  155/155    33   2298      75   10,-14
    11:06    14  155/155    35   2748     161   -10,-23
    12:06    15  155/155    37   3160     168   -16,-65
    13:07    16  155/155    40   3557     172   -2,-53
    14:08    17  152/155    43   4148     152   5,-22
    15:09    18  155/155    46   4665     173   0,-17
    16:10    19  170/170    49   5365     149   19,22
    17:10    20  194/194    54   6205       0   -7,50
    snagged 4% of 10s intervals
    died at -7,50; last 90s: 938s:-5,-16 949s:-7,-10 960s:9,-5 971s:15,23 982s:12,5 992s:9,24 1003s:-5,48 1014s:-8,43 1025s:6,47

=== parker / mirefen / Ogre 0 / bot=kite: VICTORY at wave 20, 19:32, level 53, 7658 kills (46s wall)
    weapons: staff L5 dagger★ arrowVolley★ stormCall L4 emberTrail★  relics: berserker hooves hunter greed
    damage taken by: dragonOgre 249, archer arrow 176, boulder 57, boss 41, ogre 20, wolf 14, rat 10
    omens: longnight giants bloodmoon
    boss fights: w7 1200hp in 105.4s (11 dps) | w10 7900hp in 23.7s (333 dps) | w15 13454hp in 20.1s (669 dps) | w20 KING 110000hp in 44.3s (2483 dps)
    actives: 29 used, 2577 damage
    time   wave  hp        lvl  kills  enemies   at
     0:01     1  85/85       1      0       1   5,-5
     1:02     2  85/85       3     36      13   61,33
     2:03     4  75/85       8    111      31   64,36
     3:04     5  85/85      11    198      17   62,26
     4:04     7  42/85      15    361      17   79,49
     5:05     8  85/85      18    511      53   39,20
     6:06     9  85/85      22    760      23   62,27
     7:07    10  85/85      24    972      26   59,56
     8:08    11  85/85      26   1234      57   76,-4
     9:08    12  85/85      28   1623      42   54,5
    10:09    13  85/85      30   2018      82   74,-15
    11:09    13  100/100    32   2405     115   78,-31
    12:09    14  100/100    34   2900      30   62,12
    13:09    15  136/136    36   3276      72   76,-4
    14:10    16  136/136    38   3857      60   30,-19
    15:11    17  136/136    40   4415     107   -22,-8
    16:11    17  136/136    43   5117     128   -26,-4
    17:12    18  166/166    46   5921      81   -18,11
    18:12    19  166/166    49   6696     158   -71,49
    19:12    20  166/166    51   7410     100   -75,10
    snagged 7% of 10s intervals
    died at -74,16; last 90s: 1078s:-63,20 1089s:-70,45 1100s:-72,17 1110s:-77,3 1121s:-67,8 1131s:-78,10 1142s:-79,10 1153s:-78,11 1163s:-75,18

SUMMARY
  dad      kingsfield DIED      wave 20  21:33  lvl 51  kills 7455
  brennan  kingsfield DIED      wave  6  3:38  lvl 14  kills 289
  parker   kingsfield VICTORY   wave 20  16:48  lvl 47  kills 6342
  dad      darkwood   VICTORY   wave 20  18:07  lvl 51  kills 6770
  brennan  darkwood   VICTORY   wave 20  18:34  lvl 48  kills 6868
  parker   darkwood   VICTORY   wave 20  19:11  lvl 66  kills 9274
  dad      mirefen    DIED      wave  7  4:07  lvl 10  kills 214
  brennan  mirefen    VICTORY   wave 20  17:10  lvl 54  kills 6205
  parker   mirefen    VICTORY   wave 20  19:32  lvl 53  kills 7658
no JS errors
