loaded in 6.0s

=== dad / bloodmarch / Ogre 0 / bot=kite: VICTORY at wave 20, 18:37, level 48, 6527 kills (38s wall)
    weapons: sword★ holyAura★ wardShields★ stormCall★  relics: berserker wolfsbane hooves
    damage taken by: dragonOgre 1952, archer arrow 913, boss 266, boulder 178, bomb goblin 64, elite ogre 37, boss stomp 33, rat 16, elite ogre slam 16, ogre 12, goblin 6
    boss fights: w6 1200hp in 48.2s (25 dps) | w11 7900hp in 101.9s (78 dps) | w16 13454hp in 78.3s (172 dps) | w20 KING 110000hp in 142.2s (774 dps)
    actives: 64 used, 17892 damage
    time   wave  hp        lvl  kills  enemies   at
     0:01     1  115/115     1      0       1   -3,4
     1:02     2  115/115     3     33      12   -34,23
     2:02     4  111/115     8    109      26   -30,64
     3:02     5  115/115    12    208       9   -32,35
     4:03     7  130/130    16    343      21   -9,-22
     5:04     8  130/130    18    511      31   8,-54
     6:04     9  145/145    20    733      79   -11,-40
     7:04    10  145/145    22    939      77   0,-39
     8:04    11  84/169     25   1193      19   8,-77
     9:05    12  184/184    27   1494      56   35,-70
    10:06    13  184/184    29   1798     113   84,-67
    11:06    14  184/184    31   2273      42   53,-27
    12:06    15  184/184    33   2674      48   61,-35
    13:07    16  184/184    36   3206     107   53,-73
    14:07    17  184/184    38   3911      89   50,-55
    15:07    18  184/184    41   4562     164   -5,-53
    16:08    19  184/184    43   5086     166   27,-11
    17:08    20  133/199    45   5682      45   55,-1
    18:08    20  62/199     47   6197      64   42,12
    snagged 0% of 10s intervals
    died at 52,32; last 90s: 1030s:45,7 1041s:51,-8 1051s:57,7 1062s:72,2 1073s:70,22 1084s:47,14 1095s:54,-19 1106s:63,16 1117s:52,32

=== brennan / bloodmarch / Ogre 0 / bot=kite: VICTORY at wave 20, 16:52, level 48, 6415 kills (30s wall)
    weapons: spear L5 dagger★ arrowVolley★ stormCall★  relics: greed berserker hooves
    damage taken by: archer arrow 370, dragonOgre 263, boss 83, boss charge 63, boss stomp 60, boulder 13
    boss fights: w8 1200hp in 181.1s (7 dps) | w10 7900hp in 41.6s (190 dps) | w15 13454hp in 59.9s (225 dps) | w20 KING 110000hp in 37.7s (2918 dps)
    actives: 35 used, 7466 damage
    time   wave  hp        lvl  kills  enemies   at
     0:01     1  110/110     1      0       1   4,4
     1:01     2  110/110     3     39       2   37,-70
     2:02     4  110/110     9    133      23   63,-70
     3:02     5  104/110    13    249       7   71,-63
     4:03     7  102/110    15    365      16   78,-52
     5:03     8  103/110    18    536      15   78,-52
     6:04     9  102/110    21    743      23   54,-73
     7:04    10  71/125     23   1009      11   61,-48
     8:04    11  125/125    26   1253      30   77,-45
     9:05    12  116/125    28   1626      23   77,-59
    10:06    13  125/125    30   1984      34   36,-59
    11:06    14  125/125    33   2486      35   9,-67
    12:07    15  113/125    34   2941      62   -22,-33
    13:07    16  125/125    37   3504      74   16,-17
    14:08    17  140/140    40   4164      78   33,9
    15:08    18  155/155    43   4996      63   49,22
    16:09    19  191/191    46   5956      94   53,7
    snagged 13% of 10s intervals
    died at 63,-27; last 90s: 922s:75,54 933s:66,40 944s:54,39 955s:49,11 966s:34,14 977s:47,-29 987s:67,-30 998s:69,-33 1009s:77,-18

=== parker / bloodmarch / Ogre 0 / bot=kite: VICTORY at wave 20, 16:42, level 48, 6357 kills (33s wall)
    weapons: staff★ dagger★ arrowVolley★ stormCall★  relics: berserker windwalker hooves
    damage taken by: archer arrow 160, dragonOgre 130, boulder 114, rat 6
    boss fights: w5 1200hp in 19.2s (63 dps) | w10 7900hp in 17.9s (441 dps) | w15 13454hp in 21.5s (626 dps) | w20 KING 110000hp in 28.1s (3915 dps)
    actives: 37 used, 3396 damage
    time   wave  hp        lvl  kills  enemies   at
     0:01     1  85/85       1      0       1   0,6
     1:02     2  79/85       4     40       5   -36,69
     2:02     4  94/100     10    127      10   -51,78
     3:03     5  100/100    14    249       9   -50,71
     4:04     7  100/100    17    415      19   -41,9
     5:04     8  100/100    19    604      26   -36,18
     6:05     9  100/100    22    829      31   -65,34
     7:05    10  100/100    24   1081      38   -68,-13
     8:05    11  100/100    27   1396      17   -45,15
     9:05    12  100/100    29   1790      35   8,19
    10:05    13  100/100    31   2151      18   22,-34
    11:06    14  100/100    33   2564      45   14,-71
    12:06    15  115/115    35   3018      41   65,-65
    13:07    16  115/115    37   3649      46   45,-44
    14:07    17  130/130    41   4334      64   -12,-43
    15:07    18  113/130    44   5078      97   -2,-36
    16:08    19  130/130    46   5946     112   19,-13
    snagged 1% of 10s intervals
    died at -21,-2; last 90s: 911s:-20,-41 922s:-26,-53 933s:1,-39 944s:-12,-7 955s:-19,-14 966s:2,-16 977s:-13,-14 988s:-14,-3 998s:-22,-5

SUMMARY
  dad      bloodmarch VICTORY   wave 20  18:37  lvl 48  kills 6527
  brennan  bloodmarch VICTORY   wave 20  16:52  lvl 48  kills 6415
  parker   bloodmarch VICTORY   wave 20  16:42  lvl 48  kills 6357
no JS errors
